[     418ms] [LOG] [Fast Refresh] rebuilding @ http://127.0.0.1:3000/_next/static/chunks/node_modules_next_dist_1ybzpk2._.js:2477
[     419ms] [LOG] [Fast Refresh] done in 104ms @ http://127.0.0.1:3000/_next/static/chunks/node_modules_next_dist_1ybzpk2._.js:2477
[     672ms] [INFO] %cDownload the React DevTools for a better development experience: https://react.dev/link/react-devtools font-weight:bold @ http://localhost:3000/_next/static/chunks/node_modules_next_dist_1ybzpk2._.js:2477
[    1042ms] [LOG] [HMR] connected @ http://localhost:3000/_next/static/chunks/node_modules_next_dist_1ybzpk2._.js:2477
[    9132ms] [LOG] [Fast Refresh] rebuilding @ http://localhost:3000/_next/static/chunks/node_modules_next_dist_1ybzpk2._.js:2477
[    9171ms] [LOG] [Fast Refresh] done in 140ms @ http://localhost:3000/_next/static/chunks/node_modules_next_dist_1ybzpk2._.js:2477
[    9272ms] [INFO] %cDownload the React DevTools for a better development experience: https://react.dev/link/react-devtools font-weight:bold @ http://localhost:3000/_next/static/chunks/node_modules_next_dist_1ybzpk2._.js:2477
[    9594ms] [LOG] [HMR] connected @ http://localhost:3000/_next/static/chunks/node_modules_next_dist_1ybzpk2._.js:2477
[   50176ms] [ERROR] WebSocket connection to 'ws://localhost:3000/_next/webpack-hmr?id=uDJaDCDqi4FkYF0NoTf-u' failed: Error in connection establishment: net::ERR_CONNECTION_REFUSED @ http://localhost:3000/_next/static/chunks/node_modules_next_dist_client_0r5nbpw._.js:13422
[   53529ms] [ERROR] WebSocket connection to 'ws://localhost:3000/_next/webpack-hmr?id=uDJaDCDqi4FkYF0NoTf-u' failed: Error in connection establishment: net::ERR_CONNECTION_REFUSED @ http://localhost:3000/_next/static/chunks/node_modules_next_dist_client_0r5nbpw._.js:13422
[   56867ms] [ERROR] WebSocket connection to 'ws://localhost:3000/_next/webpack-hmr?id=uDJaDCDqi4FkYF0NoTf-u' failed: Error in connection establishment: net::ERR_CONNECTION_REFUSED @ http://localhost:3000/_next/static/chunks/node_modules_next_dist_client_0r5nbpw._.js:13422
[   60214ms] [ERROR] WebSocket connection to 'ws://localhost:3000/_next/webpack-hmr?id=uDJaDCDqi4FkYF0NoTf-u' failed: Error in connection establishment: net::ERR_CONNECTION_REFUSED @ http://localhost:3000/_next/static/chunks/node_modules_next_dist_client_0r5nbpw._.js:13422
[   63596ms] [ERROR] WebSocket connection to 'ws://localhost:3000/_next/webpack-hmr?id=uDJaDCDqi4FkYF0NoTf-u' failed: Error in connection establishment: net::ERR_CONNECTION_REFUSED @ http://localhost:3000/_next/static/chunks/node_modules_next_dist_client_0r5nbpw._.js:13422
[   71917ms] [LOG] [HMR] connected @ http://localhost:3000/_next/static/chunks/node_modules_next_dist_1ybzpk2._.js:2477
[   76264ms] [INFO] %cDownload the React DevTools for a better development experience: https://react.dev/link/react-devtools font-weight:bold @ http://localhost:3000/_next/static/chunks/node_modules_next_dist_1ybzpk2._.js:2477
[   76309ms] [LOG] [HMR] connected @ http://localhost:3000/_next/static/chunks/node_modules_next_dist_1ybzpk2._.js:2477
[  408986ms] [ERROR] WebSocket connection to 'ws://localhost:3000/_next/webpack-hmr?id=doMO024zywMMOt8pHZFL3' failed: Error in connection establishment: net::ERR_CONNECTION_REFUSED @ http://localhost:3000/_next/static/chunks/node_modules_next_dist_client_0r5nbpw._.js:13422
[  412332ms] [ERROR] WebSocket connection to 'ws://localhost:3000/_next/webpack-hmr?id=doMO024zywMMOt8pHZFL3' failed: Error in connection establishment: net::ERR_CONNECTION_REFUSED @ http://localhost:3000/_next/static/chunks/node_modules_next_dist_client_0r5nbpw._.js:13422
[  415688ms] [ERROR] WebSocket connection to 'ws://localhost:3000/_next/webpack-hmr?id=doMO024zywMMOt8pHZFL3' failed: Error in connection establishment: net::ERR_CONNECTION_REFUSED @ http://localhost:3000/_next/static/chunks/node_modules_next_dist_client_0r5nbpw._.js:13422
[  419060ms] [ERROR] WebSocket connection to 'ws://localhost:3000/_next/webpack-hmr?id=doMO024zywMMOt8pHZFL3' failed: Error in connection establishment: net::ERR_CONNECTION_REFUSED @ http://localhost:3000/_next/static/chunks/node_modules_next_dist_client_0r5nbpw._.js:13422
[  422420ms] [ERROR] WebSocket connection to 'ws://localhost:3000/_next/webpack-hmr?id=doMO024zywMMOt8pHZFL3' failed: Error in connection establishment: net::ERR_CONNECTION_REFUSED @ http://localhost:3000/_next/static/chunks/node_modules_next_dist_client_0r5nbpw._.js:13422
[  429793ms] [ERROR] WebSocket connection to 'ws://localhost:3000/_next/webpack-hmr?id=doMO024zywMMOt8pHZFL3' failed: Error in connection establishment: net::ERR_CONNECTION_REFUSED @ http://localhost:3000/_next/static/chunks/node_modules_next_dist_client_0r5nbpw._.js:13422
[  437188ms] [ERROR] WebSocket connection to 'ws://localhost:3000/_next/webpack-hmr?id=doMO024zywMMOt8pHZFL3' failed: Error in connection establishment: net::ERR_CONNECTION_REFUSED @ http://localhost:3000/_next/static/chunks/node_modules_next_dist_client_0r5nbpw._.js:13422
[  444561ms] [ERROR] WebSocket connection to 'ws://localhost:3000/_next/webpack-hmr?id=doMO024zywMMOt8pHZFL3' failed: Error in connection establishment: net::ERR_CONNECTION_REFUSED @ http://localhost:3000/_next/static/chunks/node_modules_next_dist_client_0r5nbpw._.js:13422
[  451934ms] [ERROR] WebSocket connection to 'ws://localhost:3000/_next/webpack-hmr?id=doMO024zywMMOt8pHZFL3' failed: Error in connection establishment: net::ERR_CONNECTION_REFUSED @ http://localhost:3000/_next/static/chunks/node_modules_next_dist_client_0r5nbpw._.js:13422
[  459324ms] [ERROR] WebSocket connection to 'ws://localhost:3000/_next/webpack-hmr?id=doMO024zywMMOt8pHZFL3' failed: Error in connection establishment: net::ERR_CONNECTION_REFUSED @ http://localhost:3000/_next/static/chunks/node_modules_next_dist_client_0r5nbpw._.js:13422
[  466747ms] [ERROR] WebSocket connection to 'ws://localhost:3000/_next/webpack-hmr?id=doMO024zywMMOt8pHZFL3' failed: Error in connection establishment: net::ERR_CONNECTION_REFUSED @ http://localhost:3000/_next/static/chunks/node_modules_next_dist_client_0r5nbpw._.js:13422
[  474226ms] [ERROR] WebSocket connection to 'ws://localhost:3000/_next/webpack-hmr?id=doMO024zywMMOt8pHZFL3' failed: Error in connection establishment: net::ERR_CONNECTION_REFUSED @ http://localhost:3000/_next/static/chunks/node_modules_next_dist_client_0r5nbpw._.js:13422
